Flutter crash report.
Please report a bug at https://github.com/flutter/flutter/issues.

## command

flutter analyze

## exception

_Exception: Exception: analysis server exited with code -9 and output:
[stdout] {"event":"server.connected","params":{"version":"1.38.0","pid":180596}}
[stdout] {"id":"1"}
[stdout] {"event":"analysis.errors","params":{"file":"/home/admin/.openclaw/workspace-nvidia-analyst/learning_search/pubspec.yaml","errors":[]}}
[stdout] {"event":"analysis.errors","params":{"file":"/home/admin/.openclaw/workspace-nvidia-analyst/learning_search/analysis_options.yaml","errors":[]}}
[stdout] {"event":"server.status","params":{"analysis":{"isAnalyzing":true}}}
[stdout] {"event":"analysis.errors","params":{"file":"/home/admin/.openclaw/workspace-nvidia-analyst/learning_search/lib/models/question.dart","errors":[]}}
[stdout] {"id":"2"}
[stdout] {"event":"analysis.errors","params":{"file":"/home/admin/.openclaw/workspace-nvidia-analyst/learning_search/lib/models/learning_document.dart","errors":[{"severity":"ERROR","type":"COMPILE_TIME_ERROR","location":{"file":"/home/admin/.openclaw/workspace-nvidia-analyst/learning_search/lib/models/learning_document.dart","offset":156,"length":7,"startLine":7,"startColumn":14,"endLine":7,"endColumn":21},"message":"The name 'Keyword' isn't a type, so it can't be used as a type argument.","correction":"Try correcting the name to an existing type, or defining a type named 'Keyword'.","code":"non_type_as_type_argument","url":"https://dart.dev/diagnostics/non_type_as_type_argument","hasFix":false},{"severity":"ERROR","type":"COMPILE_TIME_ERROR","location":{"file":"/home/admin/.openclaw/workspace-nvidia-analyst/learning_search/lib/models/learning_document.dart","offset":571,"length":7,"startLine":26,"startColumn":10,"endLine":26,"endColumn":17},"message":"The name 'Keyword' isn't a type, so it can't be used as a type argument.","correction":"Try correcting the name to an existing type, or defining a type named 'Keyword'.","code":"non_type_as_type_argument","url":"https://dart.dev/diagnostics/non_type_as_type_argument","hasFix":false}]}}
[stdout] {"event":"analysis.errors","params":{"file":"/home/admin/.openclaw/workspace-nvidia-analyst/learning_search/lib/models/keyword.dart","errors":[]}}
[stdout] {"event":"analysis.errors","params":{"file":"/home/admin/.openclaw/workspace-nvidia-analyst/learning_search/lib/api/client.dart","errors":[]}}

```
```

## flutter doctor

```
[✓] Flutter (Channel stable, 3.29.0, on Alibaba Cloud Linux 3.2104 U12.3 (OpenAnolis Edition) 5.10.134-19.2.al8.x86_64, locale en_US.UTF-8) [93ms]
    • Flutter version 3.29.0 on channel stable at /home/admin/flutter
    • Upstream repository https://github.com/flutter/flutter.git
    • Framework revision 35c388afb5 (1 year, 2 months ago), 2025-02-10 12:48:41 -0800
    • Engine revision f73bfc4522
    • Dart version 3.7.0
    • DevTools version 2.42.2

[✗] Android toolchain - develop for Android devices [29ms]
    ✗ Unable to locate Android SDK.
      Install Android Studio from: https://developer.android.com/studio/index.html
      On first launch it will assist you in installing the Android SDK components.
      (or visit https://flutter.dev/to/linux-android-setup for detailed instructions).
      If the Android SDK has been installed to a custom location, please use
      `flutter config --android-sdk` to update to that location.


[✓] Chrome - develop for the web [15ms]
    • Chrome at google-chrome

[✗] Linux toolchain - develop for Linux desktop [151ms]
    ✗ clang++ is required for Linux development.
      It is likely available from your distribution (e.g.: apt install clang), or can be downloaded from https://releases.llvm.org/
    • cmake version 3.26.5
    ✗ ninja is required for Linux development.
      It is likely available from your distribution (e.g.: apt install ninja-build), or can be downloaded from https://github.com/ninja-build/ninja/releases
    • pkg-config version 1.4.2
    ✗ GTK 3.0 development libraries are required for Linux development.
      They are likely available from your distribution (e.g.: apt install libgtk-3-dev)

[!] Android Studio (not installed) [10ms]
    • Android Studio not found; download from https://developer.android.com/studio/index.html
      (or visit https://flutter.dev/to/linux-android-setup for detailed instructions).

[✓] Connected device (2 available) [297ms]
    • Linux (desktop) • linux  • linux-x64      • Alibaba Cloud Linux 3.2104 U12.3 (OpenAnolis Edition) 5.10.134-19.2.al8.x86_64
    • Chrome (web)    • chrome • web-javascript • Google Chrome 145.0.7632.159

[✓] Network resources [107ms]
    • All expected network resources are available.

! Doctor found issues in 3 categories.
```
